<!doctype html>
<html lang="en-EN">
<head>
  <meta charset="utf-8">
  <title>Sample Page</title>
</head>
<body>

    <h1>File A</h1>

</body>
</html>